[0m10:42:27.157586 [debug] [MainThread]: Sending event: {'category': 'dbt', 'action': 'invocation', 'label': 'start', 'context': [<snowplow_tracker.self_describing_json.SelfDescribingJson object at 0x000002512C72B390>, <snowplow_tracker.self_describing_json.SelfDescribingJson object at 0x000002512CAEFA90>, <snowplow_tracker.self_describing_json.SelfDescribingJson object at 0x000002512932D110>]}


============================== 10:42:27.165489 | e0706073-2cbd-4b6f-8779-c87cb17eac7f ==============================
[0m10:42:27.165489 [info ] [MainThread]: Running with dbt=1.7.4
[0m10:42:27.165489 [debug] [MainThread]: running dbt with arguments {'version_check': 'True', 'no_print': 'None', 'static_parser': 'True', 'warn_error_options': 'WarnErrorOptions(include=[], exclude=[])', 'target_path': 'None', 'printer_width': '80', 'write_json': 'True', 'introspect': 'True', 'log_cache_events': 'False', 'cache_selected_only': 'False', 'fail_fast': 'False', 'debug': 'False', 'log_format': 'default', 'profiles_dir': 'C:\\Users\\ouali\\.dbt', 'send_anonymous_usage_stats': 'True', 'quiet': 'False', 'warn_error': 'None', 'partial_parse': 'True', 'invocation_command': 'dbt init ecommerce_analytics', 'use_colors': 'True', 'indirect_selection': 'eager', 'use_experimental_parser': 'False', 'log_path': 'logs'}
[0m10:42:27.166492 [warn ] [MainThread]: [ConfigFolderDirectory]: Unable to parse dict {'dir': WindowsPath('C:/Users/ouali/.dbt')}
[0m10:42:27.167489 [info ] [MainThread]: Creating dbt configuration folder at 
[0m10:42:27.168490 [debug] [MainThread]: Starter project path: c:\Users\ouali\OneDrive\Bureau\projet elt\ecommerce-elt-project\.venv\Lib\site-packages\dbt\include\starter_project
[0m10:42:27.190257 [info ] [MainThread]: 
Your new dbt project "ecommerce_analytics" was created!

For more information on how to configure the profiles.yml file,
please consult the dbt documentation here:

  https://docs.getdbt.com/docs/configure-your-profile

One more thing:

Need help? Don't hesitate to reach out to us via GitHub issues or on Slack:

  https://community.getdbt.com/

Happy modeling!

[0m10:42:27.191257 [info ] [MainThread]: Setting up your profile.
[0m10:45:44.151597 [info ] [MainThread]: Profile ecommerce_analytics written to C:\Users\ouali\.dbt\profiles.yml using target's profile_template.yml and your supplied values. Run 'dbt debug' to validate the connection.
[0m10:45:44.152597 [debug] [MainThread]: Command `dbt init` succeeded at 10:45:44.152597 after 197.01 seconds
[0m10:45:44.153596 [debug] [MainThread]: Sending event: {'category': 'dbt', 'action': 'invocation', 'label': 'end', 'context': [<snowplow_tracker.self_describing_json.SelfDescribingJson object at 0x000002512CA72E90>, <snowplow_tracker.self_describing_json.SelfDescribingJson object at 0x00000251259ABCD0>, <snowplow_tracker.self_describing_json.SelfDescribingJson object at 0x000002512CB68A50>]}
[0m10:45:44.153596 [debug] [MainThread]: Flushing usage events
